2026-06-04 23:52:30,802 INFO digital-parallels-bot: Digital Parallels bot started
2026-06-04 23:52:31,137 INFO httpx: HTTP Request: POST https://api.telegram.org/bot8713110828:AAELbJqTB_ksWcIbvutbTsdxQgwyFwUVJW8/getMe "HTTP/1.1 200 OK"
2026-06-04 23:52:31,196 INFO httpx: HTTP Request: POST https://api.telegram.org/bot8713110828:AAELbJqTB_ksWcIbvutbTsdxQgwyFwUVJW8/deleteWebhook "HTTP/1.1 200 OK"
2026-06-04 23:52:31,197 INFO telegram.ext.Application: Application started
2026-06-04 23:53:01,460 INFO httpx: HTTP Request: POST https://api.telegram.org/bot8713110828:AAELbJqTB_ksWcIbvutbTsdxQgwyFwUVJW8/getUpdates "HTTP/1.1 200 OK"
2026-06-04 23:53:31,557 INFO httpx: HTTP Request: POST https://api.telegram.org/bot8713110828:AAELbJqTB_ksWcIbvutbTsdxQgwyFwUVJW8/getUpdates "HTTP/1.1 200 OK"
2026-06-04 23:53:39,375 INFO httpx: HTTP Request: POST https://api.telegram.org/bot8713110828:AAELbJqTB_ksWcIbvutbTsdxQgwyFwUVJW8/getUpdates "HTTP/1.1 200 OK"
2026-06-04 23:53:39,376 INFO telegram.ext.Application: Application is stopping. This might take a moment.
2026-06-04 23:53:39,376 INFO telegram.ext.Application: Application.stop() complete
2026-06-04 23:56:13,552 INFO digital-parallels-bot: Digital Parallels bot started
2026-06-04 23:56:16,364 INFO httpx: HTTP Request: POST https://api.telegram.org/bot8713110828:AAELbJqTB_ksWcIbvutbTsdxQgwyFwUVJW8/getMe "HTTP/1.1 200 OK"
2026-06-04 23:56:16,430 INFO httpx: HTTP Request: POST https://api.telegram.org/bot8713110828:AAELbJqTB_ksWcIbvutbTsdxQgwyFwUVJW8/deleteWebhook "HTTP/1.1 200 OK"
2026-06-04 23:56:16,431 INFO telegram.ext.Application: Application started
2026-06-04 23:56:46,847 INFO httpx: HTTP Request: POST https://api.telegram.org/bot8713110828:AAELbJqTB_ksWcIbvutbTsdxQgwyFwUVJW8/getUpdates "HTTP/1.1 200 OK"
2026-06-04 23:57:00,991 INFO httpx: HTTP Request: POST https://api.telegram.org/bot8713110828:AAELbJqTB_ksWcIbvutbTsdxQgwyFwUVJW8/getUpdates "HTTP/1.1 200 OK"
2026-06-04 23:57:00,991 INFO telegram.ext.Application: Application is stopping. This might take a moment.
2026-06-04 23:57:00,992 INFO telegram.ext.Application: Application.stop() complete
2026-06-05 00:01:48,112 INFO digital-parallels-bot: Digital Parallels bot started
2026-06-05 00:01:48,399 INFO httpx: HTTP Request: POST https://api.telegram.org/bot8713110828:AAELbJqTB_ksWcIbvutbTsdxQgwyFwUVJW8/getMe "HTTP/1.1 200 OK"
2026-06-05 00:01:48,456 INFO httpx: HTTP Request: POST https://api.telegram.org/bot8713110828:AAELbJqTB_ksWcIbvutbTsdxQgwyFwUVJW8/deleteWebhook "HTTP/1.1 200 OK"
2026-06-05 00:01:48,458 INFO telegram.ext.Application: Application started
2026-06-05 00:02:18,788 INFO httpx: HTTP Request: POST https://api.telegram.org/bot8713110828:AAELbJqTB_ksWcIbvutbTsdxQgwyFwUVJW8/getUpdates "HTTP/1.1 200 OK"
2026-06-05 00:02:48,939 INFO httpx: HTTP Request: POST https://api.telegram.org/bot8713110828:AAELbJqTB_ksWcIbvutbTsdxQgwyFwUVJW8/getUpdates "HTTP/1.1 200 OK"
2026-06-05 00:03:19,043 INFO httpx: HTTP Request: POST https://api.telegram.org/bot8713110828:AAELbJqTB_ksWcIbvutbTsdxQgwyFwUVJW8/getUpdates "HTTP/1.1 200 OK"
2026-06-05 00:03:49,151 INFO httpx: HTTP Request: POST https://api.telegram.org/bot8713110828:AAELbJqTB_ksWcIbvutbTsdxQgwyFwUVJW8/getUpdates "HTTP/1.1 200 OK"
2026-06-05 00:03:55,086 INFO httpx: HTTP Request: POST https://api.telegram.org/bot8713110828:AAELbJqTB_ksWcIbvutbTsdxQgwyFwUVJW8/getUpdates "HTTP/1.1 200 OK"
2026-06-05 00:03:55,087 INFO telegram.ext.Application: Application is stopping. This might take a moment.
2026-06-05 00:03:55,087 INFO telegram.ext.Application: Application.stop() complete
2026-06-05 00:05:07,096 INFO digital-parallels-bot: Digital Parallels bot started
2026-06-05 00:05:07,418 INFO httpx: HTTP Request: POST https://api.telegram.org/bot8713110828:AAELbJqTB_ksWcIbvutbTsdxQgwyFwUVJW8/getMe "HTTP/1.1 200 OK"
2026-06-05 00:05:07,497 INFO httpx: HTTP Request: POST https://api.telegram.org/bot8713110828:AAELbJqTB_ksWcIbvutbTsdxQgwyFwUVJW8/deleteWebhook "HTTP/1.1 200 OK"
2026-06-05 00:05:07,499 INFO telegram.ext.Application: Application started
2026-06-05 00:05:22,233 INFO httpx: HTTP Request: POST https://api.telegram.org/bot8713110828:AAELbJqTB_ksWcIbvutbTsdxQgwyFwUVJW8/getUpdates "HTTP/1.1 200 OK"
2026-06-05 00:05:22,233 INFO telegram.ext.Application: Application is stopping. This might take a moment.
2026-06-05 00:05:22,233 INFO telegram.ext.Application: Application.stop() complete
